[INFO] Scanning for projects...
[INFO] 
[INFO] -------------------------< com.year2:queryme >--------------------------
[INFO] Building QueryMe-Backend 0.0.1-SNAPSHOT
[INFO]   from pom.xml
[INFO] --------------------------------[ jar ]---------------------------------
[INFO] 
[INFO] --- resources:3.3.1:resources (default-resources) @ queryme ---
[INFO] Copying 1 resource from src\main\resources to target\classes
[INFO] Copying 0 resource from src\main\resources to target\classes
[INFO] 
[INFO] --- compiler:3.14.1:compile (default-compile) @ queryme ---
[INFO] Recompiling the module because of changed source code.
[INFO] Compiling 34 source files with javac [debug parameters release 17] to target\classes
[INFO] -------------------------------------------------------------
[WARNING] COMPILATION WARNING : 
[INFO] -------------------------------------------------------------
[WARNING] /C:/Users/K.Shalom/Documents/JAVA FILES & PROJECT/QueryMe-backend/src/main/java/com/year2/queryme/model/User.java:[41,23] @Builder will ignore the initializing expression entirely. If you want the initializing expression to serve as default, add @Builder.Default. If it is not supposed to be settable during building, make the field final.
[INFO] 1 warning
[INFO] -------------------------------------------------------------
[INFO] -------------------------------------------------------------
[ERROR] COMPILATION ERROR : 
[INFO] -------------------------------------------------------------
[ERROR] /C:/Users/K.Shalom/Documents/JAVA FILES & PROJECT/QueryMe-backend/src/main/java/com/year2/queryme/security/AuthEntryPointJwt.java:[3,38] package com.fasterxml.jackson.databind does not exist
[INFO] 1 error
[INFO] -------------------------------------------------------------
[INFO] ------------------------------------------------------------------------
[INFO] BUILD FAILURE
[INFO] ------------------------------------------------------------------------
[INFO] Total time:  15.823 s
[INFO] Finished at: 2026-03-27T18:11:14+02:00
[INFO] ------------------------------------------------------------------------
[ERROR] Failed to execute goal org.apache.maven.plugins:maven-compiler-plugin:3.14.1:compile (default-compile) on project queryme: Compilation failure
[ERROR] /C:/Users/K.Shalom/Documents/JAVA FILES & PROJECT/QueryMe-backend/src/main/java/com/year2/queryme/security/AuthEntryPointJwt.java:[3,38] package com.fasterxml.jackson.databind does not exist
[ERROR] 
[ERROR] -> [Help 1]
[ERROR] 
[ERROR] To see the full stack trace of the errors, re-run Maven with the -e switch.
[ERROR] Re-run Maven using the -X switch to enable full debug logging.
[ERROR] 
[ERROR] For more information about the errors and possible solutions, please read the following articles:
[ERROR] [Help 1] http://cwiki.apache.org/confluence/display/MAVEN/MojoFailureException
